adapta-gtk-theme
adobe-source-han-sans-otc-fonts
adobe-source-han-serif-otc-fonts
alsa-utils
android-tools
android-udev
anki
atool
autoconf
automake
bash
binutils
bison
bzip2
cmus
compton
coreutils
cpio
cryptsetup
dconf-editor
device-mapper
dhcpcd
diffutils
e2fsprogs
easystroke
efibootmgr
expac
fakeroot
feh
file
filesystem
findutils
firefox
flashplugin
flex
fzf
gawk
gcc
gcc-libs
gettext
ghc
gimp
git
glibc
gnome-calculator
gpicview
gradle
grep
groff
grub
gucharmap
gzip
highlight
htop
i3-wm
i3blocks
i3status
inetutils
intel-ucode
iproute2
iputils
jfsutils
kakasi
konsole
lastpass-cli
less
lib32-nvidia-utils
lib32-opencl-nvidia
libmtp
libreoffice-fresh
libreoffice-fresh-he
libtool
libunrar
licenses
linux
logrotate
lsof
lvm2
m4
make
man-db
man-pages
maven
mcomix
mdadm
mediainfo
mplayer
mpv
mupdf
mupdf-tools
nano
neofetch
netctl
noto-fonts-cjk
ntfs-3g
ntp
numlockx
nvidia
nvidia-utils
opencl-headers
openssh
os-prober
otf-ipafont
pacman
patch
pavucontrol
pciutils
pcmciautils
pepper-flash
perl
perl-image-exiftool
pkg-config
playonlinux
procps-ng
psmisc
pulseaudio
python-xdg
qt5-3d
qt5-base
qt5-canvas3d
qt5-charts
qt5-connectivity
qt5-datavis3d
qt5-declarative
qt5-examples
qt5-gamepad
qt5-graphicaleffects
qt5-imageformats
qt5-location
qt5-multimedia
qt5-networkauth
qt5-quickcontrols
qt5-quickcontrols2
qt5-remoteobjects
qt5-script
qt5-scxml
qt5-sensors
qt5-serialbus
qt5-serialport
qt5-speech
qt5-styleplugins
qt5-svg
qt5-tools
qt5-translations
qt5-virtualkeyboard
qt5-wayland
qt5-webchannel
qt5-webengine
qt5-webglplugin
qt5-webkit
qt5-websockets
qt5-webview
qt5-x11extras
qt5-xmlpatterns
redshift
reiserfsprogs
rofi
rxvt-unicode
s-nail
scrot
sed
shadow
sudo
sysfsutils
systemd
systemd-sysvcompat
tamsyn-font
tar
terminus-font
texinfo
thunar
tk
tmux
transmission-cli
transmission-gtk
transmission-qt
tree
ttf-droid
ttf-font-awesome
ttf-hanazono
ttf-roboto
ttf-sazanami
udevil
unace
usbutils
util-linux
vi
vim
w3m
weechat
which
wmctrl
xbindkeys
xclip
xf86-video-nouveau
xf86-video-vesa
xfsprogs
xorg-server
xorg-xclock
xorg-xfontsel
xorg-xinit
xorg-xrandr
xterm
zenity
zsh
zsh-completions
